This version only understands SDK XML versions up to 3 but an SDK XML file of version 4 was encountered. This can happen if you use versions of Android Studio and the command-line tools that were released at different times.
package.xml parsing problem. unexpected element (uri:"", local:"abis"). Expected elements are <{}vendor>,<{}codename>,<{}base-extension>,<{}abi>,<{}api-level>,<{}extension-level>,<{}tag>
package.xml parsing problem. unexpected element (uri:"", local:"translatedAbis"). Expected elements are <{}vendor>,<{}codename>,<{}base-extension>,<{}abi>,<{}api-level>,<{}extension-level>,<{}tag>
package.xml parsing problem. unexpected element (uri:"", local:"abis"). Expected elements are <{}vendor>,<{}codename>,<{}base-extension>,<{}abi>,<{}api-level>,<{}extension-level>,<{}tag>
package.xml parsing problem. unexpected element (uri:"", local:"translatedAbis"). Expected elements are <{}vendor>,<{}codename>,<{}base-extension>,<{}abi>,<{}api-level>,<{}extension-level>,<{}tag>
Checking the license for package Android SDK Build-Tools 34 in C:\Users\KIIT0001\AppData\Local\Android\Sdk\licenses
License for package Android SDK Build-Tools 34 accepted.
Preparing "Install Android SDK Build-Tools 34 v.34.0.0".
"Install Android SDK Build-Tools 34 v.34.0.0" ready.
Installing Android SDK Build-Tools 34 in C:\Users\KIIT0001\AppData\Local\Android\Sdk\build-tools\34.0.0
"Install Android SDK Build-Tools 34 v.34.0.0" complete.
"Install Android SDK Build-Tools 34 v.34.0.0" finished.
Checking the license for package Android SDK Platform 34 in C:\Users\KIIT0001\AppData\Local\Android\Sdk\licenses
License for package Android SDK Platform 34 accepted.
Preparing "Install Android SDK Platform 34 (revision 3)".
"Install Android SDK Platform 34 (revision 3)" ready.
Installing Android SDK Platform 34 in C:\Users\KIIT0001\AppData\Local\Android\Sdk\platforms\android-34
"Install Android SDK Platform 34 (revision 3)" complete.
"Install Android SDK Platform 34 (revision 3)" finished.
package.xml parsing problem. unexpected element (uri:"", local:"abis"). Expected elements are <{}vendor>,<{}codename>,<{}base-extension>,<{}abi>,<{}api-level>,<{}extension-level>,<{}tag>
package.xml parsing problem. unexpected element (uri:"", local:"translatedAbis"). Expected elements are <{}vendor>,<{}codename>,<{}base-extension>,<{}abi>,<{}api-level>,<{}extension-level>,<{}tag>
> Task :app:buildKotlinToolingMetadata
> Task :app:preBuild UP-TO-DATE
> Task :app:preReleaseBuild UP-TO-DATE
> Task :app:generateReleaseResValues
> Task :app:generateReleaseResources
> Task :app:dataBindingMergeDependencyArtifactsRelease
> Task :app:packageReleaseResources
> Task :app:parseReleaseLocalResources
> Task :app:mapReleaseSourceSetPaths
> Task :app:createReleaseCompatibleScreenManifests
> Task :app:extractDeepLinksRelease
> Task :app:checkReleaseAarMetadata
> Task :app:mergeReleaseResources
> Task :app:processReleaseMainManifest
> Task :app:dataBindingGenBaseClassesRelease
> Task :app:processReleaseManifest
> Task :app:javaPreCompileRelease
> Task :app:extractProguardFiles
> Task :app:mergeReleaseJniLibFolders
> Task :app:mergeReleaseNativeLibs NO-SOURCE
> Task :app:stripReleaseDebugSymbols NO-SOURCE
> Task :app:extractReleaseNativeSymbolTables NO-SOURCE
> Task :app:mergeReleaseNativeDebugMetadata NO-SOURCE
> Task :app:desugarReleaseFileDependencies
> Task :app:checkReleaseDuplicateClasses
> Task :app:mergeReleaseArtProfile
> Task :app:processReleaseManifestForPackage
> Task :app:mergeExtDexRelease
> Task :app:mergeReleaseShaders
> Task :app:compileReleaseShaders NO-SOURCE
> Task :app:generateReleaseAssets UP-TO-DATE
> Task :app:mergeReleaseAssets
> Task :app:compressReleaseAssets
> Task :app:collectReleaseDependencies
> Task :app:sdkReleaseDependencyData
> Task :app:writeReleaseAppMetadata
> Task :app:writeReleaseSigningConfigVersions
> Task :app:processReleaseResources
> Task :app:optimizeReleaseResources
> Task :app:compileReleaseKotlin

> Task :app:compileReleaseJavaWithJavac
warning: [options] source value 8 is obsolete and will be removed in a future release
warning: [options] target value 8 is obsolete and will be removed in a future release
warning: [options] To suppress warnings about obsolete options, use -Xlint:-options.
3 warnings

> Task :app:generateReleaseLintVitalReportModel
> Task :app:dexBuilderRelease
> Task :app:mergeReleaseGlobalSynthetics
> Task :app:processReleaseJavaRes
> Task :app:mergeReleaseJavaResource
> Task :app:mergeDexRelease
> Task :app:compileReleaseArtProfile
> Task :app:packageRelease
> Task :app:createReleaseApkListingFileRedirect
> Task :app:lintVitalAnalyzeRelease
> Task :app:lintVitalReportRelease
> Task :app:lintVitalRelease
> Task :app:assembleRelease
[Incubating] Problems report is available at: file:///C:/Users/KIIT0001/Downloads/AD%20LAB/Experiment8/build/reports/problems/problems-report.html

Deprecated Gradle features were used in this build, making it incompatible with Gradle 9.0.

You can use '--warning-mode all' to show the individual deprecation warnings and determine if they come from your own scripts or plugins.

For more on this, please refer to https://docs.gradle.org/8.11.1/userguide/command_line_interface.html#sec:command_line_warnings in the Gradle documentation.

BUILD SUCCESSFUL in 2m 59s
44 actionable tasks: 44 executed
